// Jest Snapshot v1, https://goo.gl/fbAQLP

exports[`About component renders About 1`] = `
<section
  className="About"
  id="About"
>
  <img
    alt="Dannie Schumaker"
    src="/path/image"
  />
  <section>
    <h3
      className="subheading"
    >
      Full-stackÂ software developer who makes 
      <i>
        clunky
      </i>
       code 
      <i>
        beautiful
      </i>
      . 
    </h3>
    <Typist
      avgTypingDelay={110}
      className=""
      cursor={
        Object {
          "show": false,
        }
      }
      delayGenerator={[Function]}
      onCharacterTyped={[Function]}
      onLineTyped={[Function]}
      onTypingDone={[Function]}
      startDelay={5000}
      stdTypingDelay={25}
    >
      <p>
        Documentation fanatic
        <Delay
          ms={300}
        />
        ...
      </p>
      <Delay
        ms={1000}
      />
      <p>
        with an eye for detail
        <Delay
          ms={300}
        />
        ...
      </p>
      <Delay
        ms={1000}
      />
      <p>
        and a passion for finding elegant solutions to complex problems.
      </p>
    </Typist>
  </section>
</section>
`;
