// Jest Snapshot v1, https://goo.gl/fbAQLP

exports[`App component renders App 1`] = `
<BrowserRouter>
  <Switch>
    <Route
      component={[Function]}
      exact={true}
      path="/project/:title"
    />
    <Route
      exact={true}
      path="/"
    >
      <NavBar />
      <Home />
      <AboutContainer />
      <Projects />
      <Contact />
    </Route>
  </Switch>
</BrowserRouter>
`;
